[flourished-satisfaction-833551.framer.app/index.html]
[backblue.gif]
[fade.gif]
[index.html]
[framerusercontent.com/images/UUqAvXUrQkuxmUjBCrFpmHuHd9g.png]
[framerusercontent.com/images/2ZvgRRgt0cMEN95FkOiptx6tN4.png]
[framerusercontent.com/images/4ATXLUBP6zYCU44QxRBpOvR10M298c.jpg]
[framerusercontent.com/images/Wpwv95hGAQpxxR354l0wEtXLqycea0b.jpg]
[framerusercontent.com/images/FvZbaouTQZ8hUCUhpMwQd9yezc95a9.jpg]
[framerusercontent.com/images/BZjVioxF88C0zJ1EijmUa86qbQaad5.png]
[framerusercontent.com/images/pvGSDaQPhiDdoRFsxYibm28W7g298c.jpg]
[framerusercontent.com/images/Xn3e0lOIg1HAfn4Ur3FIam1CYEe236.jpg]
[framerusercontent.com/images/4tUApj2T5wRLkLpqZ9XGmy0r5ce2d6.jpg]
[framerusercontent.com/images/6cDhyX9bKuCq7hHjFoKEVs18F6w82e9.jpg]
[framerusercontent.com/images/jAWm9zLJEffXC71cRmHGDD1HAmI3b7b.jpg]
[framerusercontent.com/images/BXKdzxlPxNZsEB3B9Ct4ADYZeA298c.jpg]
[framerusercontent.com/images/ibPVP7PBzRHwjnLLURdUDbhtc9ke2d6.jpg]
[framerusercontent.com/images/kxX3VZ3yq3H4P7REiSWLoH2IGke2d6.jpg]
[framerusercontent.com/images/WnNAKMo0LHvf8BYUk1YRJAAvf6Abcc7.jpg]
[framerusercontent.com/images/VoddpGy6aDmLALJRekqyDobwlgce2d6.jpg]
[framerusercontent.com/images/OFo1RBeSiBZ9bhvDRp6aK27jm4Qe2d6.jpg]
[flourished-satisfaction-833551.framer.app/index.html]
